2026-05-19 17:04:57,631 - DEBUG - Rspnse: b'Quectel'
2026-05-19 17:04:57,644 - DEBUG - Rspnse: b''
2026-05-19 17:04:57,645 - DEBUG - Rspnse: b'OK'
2026-05-19 17:05:40,080 - INFO - AT+CREG?
+CREG: 0,1
OK
2026-05-19 17:05:40,095 - DEBUG - AT+CREG?
+CREG: 0,1
OK
2026-05-19 17:06:00,325 - INFO - AT+QNWINFO
+QNWINFO: "eMTC","311480","LTE BAND 13",5230
OK
2026-05-19 17:07:50,305 - INFO - AT+QIACT?
OK
2026-05-19 17:10:40,656 - INFO - AT+CGACT=1,1
OK
2026-05-19 17:10:47,718 - INFO - AT+QGMR
BG95M3LAR02A03_01.014.01.014
OK
2026-05-19 17:11:08,963 - INFO - AT+QPOWD=1
OK
POWERED DOWN
